----------Errors-----------
Sun Jan 15 23:29:04 2023
No data!

